Lmod hat den folgenden Fehler erkannt: Die folgenden Module konnten nicht
gefunden werden: "gcc/9.4.0-pe5.344"
Bitte überprüfen Sie die Schreibweise oder Versionsnummer. Sie können auch
"module spider ..." versuchen.
Es ist auch möglich, dass Ihr Cache veraltet ist. Versuchen Sie:
  $ module --ignore-cache load "gcc/9.4.0-pe5.344"



Lmod hat den folgenden Fehler erkannt: Die folgenden Module konnten nicht
gefunden werden: "python/3.9.12-pe5.345"
Bitte überprüfen Sie die Schreibweise oder Versionsnummer. Sie können auch
"module spider ..." versuchen.
Es ist auch möglich, dass Ihr Cache veraltet ist. Versuchen Sie:
  $ module --ignore-cache load "python/3.9.12-pe5.345"



Lmod hat den folgenden Fehler erkannt: Die folgenden Module konnten nicht
gefunden werden: "cuda/12.1"
Bitte überprüfen Sie die Schreibweise oder Versionsnummer. Sie können auch
"module spider ..." versuchen.
Es ist auch möglich, dass Ihr Cache veraltet ist. Versuchen Sie:
  $ module --ignore-cache load "cuda/12.1"



/cfs/earth/scratch/vognic01/ADL_multimodal-retrieval/scripts/train_job.sh: line 13: /net/home/vognic01/miniconda3/etc/profile.d/conda.sh: No such file or directory
/cfs/earth/scratch/vognic01/ADL_multimodal-retrieval/scripts/train_job.sh: line 22: conda: command not found
/cfs/earth/scratch/vognic01/ADL_multimodal-retrieval/scripts/train_job.sh: line 28: conda: command not found
Traceback (most recent call last):
  File "/cfs/earth/scratch/vognic01/ADL_multimodal-retrieval/notebooks/ADL_multimodel_retrieval.py", line 74, in <module>
    import numpy as np
ModuleNotFoundError: No module named 'numpy'
