Python executable:
Python 3.10.19
GPU Info:
Mon Dec  8 11:13:29 2025       
+---------------------------------------------------------------------------------------+
| NVIDIA-SMI 535.161.07             Driver Version: 535.161.07   CUDA Version: 12.2     |
|-----------------------------------------+----------------------+----------------------+
| GPU  Name                 Persistence-M | Bus-Id        Disp.A | Volatile Uncorr. ECC |
| Fan  Temp   Perf          Pwr:Usage/Cap |         Memory-Usage | GPU-Util  Compute M. |
|                                         |                      |               MIG M. |
|=========================================+======================+======================|
|   0  NVIDIA A100-PCIE-40GB          On  | 00000000:65:00.0 Off |                    0 |
| N/A   31C    P0              38W / 250W |      0MiB / 40960MiB |      0%      Default |
|                                         |                      |             Disabled |
+-----------------------------------------+----------------------+----------------------+
                                                                                         
+---------------------------------------------------------------------------------------+
| Processes:                                                                            |
|  GPU   GI   CI        PID   Type   Process name                            GPU Memory |
|        ID   ID                                                             Usage      |
|=======================================================================================|
|  No running processes found                                                           |
+---------------------------------------------------------------------------------------+
Dataset contains 40455 image-caption pairs.
Number of unique words in captions: 8488
Average caption length: 11.78 words
Average image size: 397.25 x 457.87 pixels
8091 images in dataset
count    8091.0
mean        5.0
std         0.0
min         5.0
25%         5.0
50%         5.0
75%         5.0
max         5.0
dtype: float64
Model will be saved as: 20251208_clip_cuda_sub-size-full_bs64_ep200_lr1e-05_LR-schedule

>>> Unfreezing stage: projection
Epoch 1/200 | Train Loss: 4.0746 | Val Loss: 3.9879 | MeanSim: 0.1382 | R@1: 0.001 | Epoch time: 192.18s
Epoch 2/200 | Train Loss: 3.9159 | Val Loss: 3.8953 | MeanSim: 0.1995 | R@1: 0.002 | Epoch time: 178.58s
Epoch 3/200 | Train Loss: 3.7690 | Val Loss: 3.8244 | MeanSim: 0.2166 | R@1: 0.002 | Epoch time: 179.05s
Epoch 4/200 | Train Loss: 3.6730 | Val Loss: 3.7734 | MeanSim: 0.1954 | R@1: 0.001 | Epoch time: 178.47s
Epoch 5/200 | Train Loss: 3.6159 | Val Loss: 3.7316 | MeanSim: 0.1793 | R@1: 0.002 | Epoch time: 179.71s
Epoch 6/200 | Train Loss: 3.5682 | Val Loss: 3.6977 | MeanSim: 0.1924 | R@1: 0.001 | Epoch time: 178.95s
Epoch 7/200 | Train Loss: 3.5280 | Val Loss: 3.6758 | MeanSim: 0.1756 | R@1: 0.002 | Epoch time: 178.12s
Epoch 8/200 | Train Loss: 3.4871 | Val Loss: 3.6366 | MeanSim: 0.1814 | R@1: 0.002 | Epoch time: 179.51s
Epoch 9/200 | Train Loss: 3.4479 | Val Loss: 3.6140 | MeanSim: 0.1875 | R@1: 0.002 | Epoch time: 178.80s
Epoch 10/200 | Train Loss: 3.4123 | Val Loss: 3.6032 | MeanSim: 0.1880 | R@1: 0.001 | Epoch time: 179.06s
Epoch 11/200 | Train Loss: 3.3781 | Val Loss: 3.5802 | MeanSim: 0.1926 | R@1: 0.001 | Epoch time: 179.53s
Epoch 12/200 | Train Loss: 3.3450 | Val Loss: 3.5750 | MeanSim: 0.1895 | R@1: 0.001 | Epoch time: 180.24s
Epoch 13/200 | Train Loss: 3.3165 | Val Loss: 3.5581 | MeanSim: 0.1909 | R@1: 0.003 | Epoch time: 179.44s
Epoch 14/200 | Train Loss: 3.2917 | Val Loss: 3.5223 | MeanSim: 0.1851 | R@1: 0.003 | Epoch time: 179.85s
Epoch 15/200 | Train Loss: 3.2623 | Val Loss: 3.5130 | MeanSim: 0.1909 | R@1: 0.004 | Epoch time: 179.18s
Epoch 16/200 | Train Loss: 3.2371 | Val Loss: 3.4961 | MeanSim: 0.1975 | R@1: 0.003 | Epoch time: 178.90s
Epoch 17/200 | Train Loss: 3.2116 | Val Loss: 3.4866 | MeanSim: 0.1972 | R@1: 0.002 | Epoch time: 179.32s
Epoch 18/200 | Train Loss: 3.1876 | Val Loss: 3.4792 | MeanSim: 0.2013 | R@1: 0.004 | Epoch time: 179.11s
Epoch 19/200 | Train Loss: 3.1660 | Val Loss: 3.4638 | MeanSim: 0.2001 | R@1: 0.004 | Epoch time: 178.71s
Epoch 20/200 | Train Loss: 3.1452 | Val Loss: 3.4520 | MeanSim: 0.2049 | R@1: 0.005 | Epoch time: 178.01s
Epoch 21/200 | Train Loss: 3.1226 | Val Loss: 3.4486 | MeanSim: 0.2026 | R@1: 0.005 | Epoch time: 178.52s
Epoch 22/200 | Train Loss: 3.1020 | Val Loss: 3.4554 | MeanSim: 0.2083 | R@1: 0.004 | Epoch time: 178.20s
Epoch 23/200 | Train Loss: 3.0821 | Val Loss: 3.4324 | MeanSim: 0.2162 | R@1: 0.006 | Epoch time: 178.54s
Epoch 24/200 | Train Loss: 3.0626 | Val Loss: 3.4241 | MeanSim: 0.2142 | R@1: 0.005 | Epoch time: 179.03s
Epoch 25/200 | Train Loss: 3.0471 | Val Loss: 3.4155 | MeanSim: 0.2126 | R@1: 0.005 | Epoch time: 178.50s
Epoch 26/200 | Train Loss: 3.0259 | Val Loss: 3.4153 | MeanSim: 0.2191 | R@1: 0.005 | Epoch time: 178.36s
Epoch 27/200 | Train Loss: 3.0131 | Val Loss: 3.4034 | MeanSim: 0.2247 | R@1: 0.006 | Epoch time: 179.09s
Epoch 28/200 | Train Loss: 2.9943 | Val Loss: 3.4013 | MeanSim: 0.2215 | R@1: 0.005 | Epoch time: 179.05s
Epoch 29/200 | Train Loss: 2.9801 | Val Loss: 3.4062 | MeanSim: 0.2210 | R@1: 0.005 | Epoch time: 193.79s
Epoch 30/200 | Train Loss: 2.9663 | Val Loss: 3.3905 | MeanSim: 0.2284 | R@1: 0.006 | Epoch time: 180.30s
Epoch 31/200 | Train Loss: 2.9487 | Val Loss: 3.3881 | MeanSim: 0.2271 | R@1: 0.004 | Epoch time: 180.01s
Epoch 32/200 | Train Loss: 2.9314 | Val Loss: 3.3900 | MeanSim: 0.2256 | R@1: 0.005 | Epoch time: 180.64s
Epoch 33/200 | Train Loss: 2.9207 | Val Loss: 3.3804 | MeanSim: 0.2234 | R@1: 0.005 | Epoch time: 179.93s
Epoch 34/200 | Train Loss: 2.9065 | Val Loss: 3.3767 | MeanSim: 0.2286 | R@1: 0.005 | Epoch time: 179.65s
Epoch 35/200 | Train Loss: 2.8940 | Val Loss: 3.3880 | MeanSim: 0.2331 | R@1: 0.007 | Epoch time: 178.19s
Epoch 36/200 | Train Loss: 2.8832 | Val Loss: 3.3634 | MeanSim: 0.2310 | R@1: 0.006 | Epoch time: 183.48s
Epoch 37/200 | Train Loss: 2.8738 | Val Loss: 3.3656 | MeanSim: 0.2376 | R@1: 0.006 | Epoch time: 179.11s
Epoch 38/200 | Train Loss: 2.8563 | Val Loss: 3.3650 | MeanSim: 0.2323 | R@1: 0.004 | Epoch time: 178.44s
Epoch 39/200 | Train Loss: 2.8479 | Val Loss: 3.3471 | MeanSim: 0.2380 | R@1: 0.006 | Epoch time: 179.33s
Epoch 40/200 | Train Loss: 2.8303 | Val Loss: 3.3532 | MeanSim: 0.2392 | R@1: 0.005 | Epoch time: 178.85s
Epoch 41/200 | Train Loss: 2.8237 | Val Loss: 3.3612 | MeanSim: 0.2406 | R@1: 0.005 | Epoch time: 179.39s
Epoch 42/200 | Train Loss: 2.8107 | Val Loss: 3.3449 | MeanSim: 0.2353 | R@1: 0.008 | Epoch time: 179.40s
Epoch 43/200 | Train Loss: 2.8018 | Val Loss: 3.3369 | MeanSim: 0.2376 | R@1: 0.008 | Epoch time: 179.03s
Epoch 44/200 | Train Loss: 2.7931 | Val Loss: 3.3429 | MeanSim: 0.2355 | R@1: 0.008 | Epoch time: 178.64s
Epoch 45/200 | Train Loss: 2.7806 | Val Loss: 3.3526 | MeanSim: 0.2319 | R@1: 0.005 | Epoch time: 179.07s
Epoch 46/200 | Train Loss: 2.7734 | Val Loss: 3.3445 | MeanSim: 0.2344 | R@1: 0.006 | Epoch time: 181.02s
Epoch 47/200 | Train Loss: 2.7630 | Val Loss: 3.3328 | MeanSim: 0.2414 | R@1: 0.007 | Epoch time: 178.91s
Epoch 48/200 | Train Loss: 2.7542 | Val Loss: 3.3342 | MeanSim: 0.2368 | R@1: 0.005 | Epoch time: 179.36s
Epoch 49/200 | Train Loss: 2.7454 | Val Loss: 3.3354 | MeanSim: 0.2394 | R@1: 0.008 | Epoch time: 179.29s
Epoch 50/200 | Train Loss: 2.7372 | Val Loss: 3.3347 | MeanSim: 0.2420 | R@1: 0.008 | Epoch time: 184.32s
Epoch 51/200 | Train Loss: 2.7299 | Val Loss: 3.3485 | MeanSim: 0.2345 | R@1: 0.007 | Epoch time: 179.84s
Epoch 52/200 | Train Loss: 2.7227 | Val Loss: 3.3254 | MeanSim: 0.2479 | R@1: 0.007 | Epoch time: 179.50s
Epoch 53/200 | Train Loss: 2.7142 | Val Loss: 3.3243 | MeanSim: 0.2425 | R@1: 0.008 | Epoch time: 178.92s
Epoch 54/200 | Train Loss: 2.7048 | Val Loss: 3.3289 | MeanSim: 0.2452 | R@1: 0.007 | Epoch time: 183.78s
Epoch 55/200 | Train Loss: 2.6988 | Val Loss: 3.3311 | MeanSim: 0.2384 | R@1: 0.007 | Epoch time: 178.91s
Epoch 56/200 | Train Loss: 2.6895 | Val Loss: 3.3420 | MeanSim: 0.2467 | R@1: 0.008 | Epoch time: 178.81s
Epoch 57/200 | Train Loss: 2.6828 | Val Loss: 3.3355 | MeanSim: 0.2375 | R@1: 0.006 | Epoch time: 180.43s
Epoch 58/200 | Train Loss: 2.6776 | Val Loss: 3.3412 | MeanSim: 0.2447 | R@1: 0.008 | Epoch time: 183.78s
No improvement in stage 'projection' for 5 epochs. Moving to next stage.

>>> Unfreezing stage: text
New learning rate: 5e-06
Epoch 59/200 | Train Loss: 2.6093 | Val Loss: 3.2855 | MeanSim: 0.2626 | R@1: 0.007 | Epoch time: 182.60s
Epoch 60/200 | Train Loss: 2.3586 | Val Loss: 3.2923 | MeanSim: 0.2571 | R@1: 0.008 | Epoch time: 180.44s
Epoch 61/200 | Train Loss: 2.1043 | Val Loss: 3.3268 | MeanSim: 0.2556 | R@1: 0.008 | Epoch time: 180.76s
Epoch 62/200 | Train Loss: 1.8367 | Val Loss: 3.3867 | MeanSim: 0.2508 | R@1: 0.008 | Epoch time: 181.31s
Epoch 63/200 | Train Loss: 1.5664 | Val Loss: 3.4506 | MeanSim: 0.2460 | R@1: 0.008 | Epoch time: 181.19s
Epoch 64/200 | Train Loss: 1.3077 | Val Loss: 3.5006 | MeanSim: 0.2393 | R@1: 0.007 | Epoch time: 180.44s
No improvement in stage 'text' for 5 epochs. Moving to next stage.

>>> Unfreezing stage: vision
New learning rate: 1e-06
Epoch 65/200 | Train Loss: 1.2974 | Val Loss: 3.6948 | MeanSim: 0.2067 | R@1: 0.004 | Epoch time: 229.94s
Epoch 66/200 | Train Loss: 1.1064 | Val Loss: 3.5498 | MeanSim: 0.2449 | R@1: 0.006 | Epoch time: 226.11s
Epoch 67/200 | Train Loss: 1.0277 | Val Loss: 3.5826 | MeanSim: 0.2300 | R@1: 0.004 | Epoch time: 223.43s
Epoch 68/200 | Train Loss: 0.9402 | Val Loss: 3.6333 | MeanSim: 0.2323 | R@1: 0.005 | Epoch time: 228.64s
Epoch 69/200 | Train Loss: 0.9005 | Val Loss: 3.6035 | MeanSim: 0.2504 | R@1: 0.008 | Epoch time: 223.50s
No improvement in stage 'vision' for 5 epochs. Moving to next stage.

>>> Unfreezing stage: all
New learning rate: 5e-07
Epoch 70/200 | Train Loss: 0.7806 | Val Loss: 3.5836 | MeanSim: 0.2553 | R@1: 0.009 | Epoch time: 223.77s
Epoch 71/200 | Train Loss: 0.7379 | Val Loss: 3.5872 | MeanSim: 0.2583 | R@1: 0.009 | Epoch time: 231.46s
Epoch 72/200 | Train Loss: 0.7248 | Val Loss: 3.5873 | MeanSim: 0.2576 | R@1: 0.010 | Epoch time: 226.42s
Epoch 73/200 | Train Loss: 0.7004 | Val Loss: 3.6156 | MeanSim: 0.2487 | R@1: 0.008 | Epoch time: 226.11s
Epoch 74/200 | Train Loss: 0.6864 | Val Loss: 3.6073 | MeanSim: 0.2555 | R@1: 0.006 | Epoch time: 225.62s
No improvement in stage 'all' for 5 epochs. Moving to next stage.
Epoch 75/200 | Train Loss: 0.6566 | Val Loss: 3.6473 | MeanSim: 0.2511 | R@1: 0.006 | Epoch time: 224.84s
Epoch 76/200 | Train Loss: 0.6448 | Val Loss: 3.6228 | MeanSim: 0.2547 | R@1: 0.008 | Epoch time: 224.21s
Epoch 77/200 | Train Loss: 0.6192 | Val Loss: 3.6359 | MeanSim: 0.2531 | R@1: 0.009 | Epoch time: 224.27s
Epoch 78/200 | Train Loss: 0.5972 | Val Loss: 3.6255 | MeanSim: 0.2524 | R@1: 0.006 | Epoch time: 224.70s
Epoch 79/200 | Train Loss: 0.5835 | Val Loss: 3.6550 | MeanSim: 0.2522 | R@1: 0.007 | Epoch time: 224.93s
Early stopping triggered for entire training.
Model saved to /cfs/earth/scratch/vognic01/ADL_multimodal-retrieval/runs/20251208_clip_cuda_sub-size-full_bs64_ep200_lr1e-05_LR-schedule/20251208_clip_cuda_sub-size-full_bs64_ep200_lr1e-05_LR-schedule_model.pth
Training logs saved to /cfs/earth/scratch/vognic01/ADL_multimodal-retrieval/runs/20251208_clip_cuda_sub-size-full_bs64_ep200_lr1e-05_LR-schedule/20251208_clip_cuda_sub-size-full_bs64_ep200_lr1e-05_LR-schedule_logs.csv
