ftfy or spacy is not installed using BERT BasicTokenizer instead of ftfy.
/cfs/earth/scratch/vognic01/ADL_multimodal-retrieval/.venv/lib64/python3.6/site-packages/torch/cuda/__init__.py:143: UserWarning: 
NVIDIA L40S with CUDA capability sm_89 is not compatible with the current PyTorch installation.
The current PyTorch install supports CUDA capabilities sm_37 sm_50 sm_60 sm_70.
If you want to use the NVIDIA L40S GPU with PyTorch, please check the instructions at https://pytorch.org/get-started/locally/

  warnings.warn(incompatible_device_warn.format(device_name, capability, " ".join(arch_list), device_name))
ftfy or spacy is not installed using BERT BasicTokenizer instead of ftfy.
Epoch 1/30:   0%|          | 0/2023 [00:00<?, ?it/s]                                                    Traceback (most recent call last):
  File "/cfs/earth/scratch/vognic01/ADL_multimodal-retrieval/notebooks/ADL_multimodel_retrieval.py", line 764, in <module>
    patience=3)
  File "/cfs/earth/scratch/vognic01/ADL_multimodal-retrieval/notebooks/ADL_multimodel_retrieval.py", line 541, in train_model
    outputs = model(**inputs)
  File "/cfs/earth/scratch/vognic01/ADL_multimodal-retrieval/.venv/lib64/python3.6/site-packages/torch/nn/modules/module.py", line 1102, in _call_impl
    return forward_call(*input, **kwargs)
  File "/cfs/earth/scratch/vognic01/ADL_multimodal-retrieval/.venv/lib64/python3.6/site-packages/transformers/models/clip/modeling_clip.py", line 1019, in forward
    return_dict=return_dict,
  File "/cfs/earth/scratch/vognic01/ADL_multimodal-retrieval/.venv/lib64/python3.6/site-packages/torch/nn/modules/module.py", line 1102, in _call_impl
    return forward_call(*input, **kwargs)
  File "/cfs/earth/scratch/vognic01/ADL_multimodal-retrieval/.venv/lib64/python3.6/site-packages/transformers/models/clip/modeling_clip.py", line 764, in forward
    hidden_states = self.embeddings(pixel_values)
  File "/cfs/earth/scratch/vognic01/ADL_multimodal-retrieval/.venv/lib64/python3.6/site-packages/torch/nn/modules/module.py", line 1102, in _call_impl
    return forward_call(*input, **kwargs)
  File "/cfs/earth/scratch/vognic01/ADL_multimodal-retrieval/.venv/lib64/python3.6/site-packages/transformers/models/clip/modeling_clip.py", line 137, in forward
    embeddings = torch.cat([class_embeds, patch_embeds], dim=1)
RuntimeError: CUDA error: no kernel image is available for execution on the device
CUDA kernel errors might be asynchronously reported at some other API call,so the stacktrace below might be incorrect.
For debugging consider passing CUDA_LAUNCH_BLOCKING=1.
