ftfy or spacy is not installed using BERT BasicTokenizer instead of ftfy.
/cfs/earth/scratch/vognic01/ADL_multimodal-retrieval/.venv/lib64/python3.6/site-packages/torch/cuda/__init__.py:143: UserWarning: 
NVIDIA L40S with CUDA capability sm_89 is not compatible with the current PyTorch installation.
The current PyTorch install supports CUDA capabilities sm_37 sm_50 sm_60 sm_70.
If you want to use the NVIDIA L40S GPU with PyTorch, please check the instructions at https://pytorch.org/get-started/locally/

  warnings.warn(incompatible_device_warn.format(device_name, capability, " ".join(arch_list), device_name))
Traceback (most recent call last):
  File "/cfs/earth/scratch/vognic01/ADL_multimodal-retrieval/.venv/lib64/python3.6/site-packages/transformers/configuration_utils.py", line 604, in _get_config_dict
    user_agent=user_agent,
  File "/cfs/earth/scratch/vognic01/ADL_multimodal-retrieval/.venv/lib64/python3.6/site-packages/transformers/utils/hub.py", line 290, in cached_path
    local_files_only=local_files_only,
  File "/cfs/earth/scratch/vognic01/ADL_multimodal-retrieval/.venv/lib64/python3.6/site-packages/transformers/utils/hub.py", line 546, in get_from_cache
    "Connection error, and we cannot find the requested files in the cached path."
ValueError: Connection error, and we cannot find the requested files in the cached path. Please try again or make sure your Internet connection is on.

During handling of the above exception, another exception occurred:

Traceback (most recent call last):
  File "/cfs/earth/scratch/vognic01/ADL_multimodal-retrieval/notebooks/ADL_multimodel_retrieval.py", line 723, in <module>
    model = CLIPModel.from_pretrained(model)
  File "/cfs/earth/scratch/vognic01/ADL_multimodal-retrieval/.venv/lib64/python3.6/site-packages/transformers/modeling_utils.py", line 1595, in from_pretrained
    **kwargs,
  File "/cfs/earth/scratch/vognic01/ADL_multimodal-retrieval/.venv/lib64/python3.6/site-packages/transformers/configuration_utils.py", line 521, in from_pretrained
    config_dict, kwargs = cls.get_config_dict(pretrained_model_name_or_path, **kwargs)
  File "/cfs/earth/scratch/vognic01/ADL_multimodal-retrieval/.venv/lib64/python3.6/site-packages/transformers/configuration_utils.py", line 548, in get_config_dict
    config_dict, kwargs = cls._get_config_dict(pretrained_model_name_or_path, **kwargs)
  File "/cfs/earth/scratch/vognic01/ADL_multimodal-retrieval/.venv/lib64/python3.6/site-packages/transformers/configuration_utils.py", line 630, in _get_config_dict
    f"We couldn't connect to '{HUGGINGFACE_CO_RESOLVE_ENDPOINT}' to load this model, couldn't find it in the cached "
OSError: We couldn't connect to 'https://huggingface.co' to load this model, couldn't find it in the cached files and it looks like CLIPModel(
  (text_model): CLIPTextTransformer(
    (embeddings): CLIPTextEmbeddings(
      (token_embedding): Embedding(49408, 512)
      (position_embedding): Embedding(77, 512)
    )
    (encoder): CLIPEncoder(
      (layers): ModuleList(
        (0): CLIPEncoderLayer(
          (self_attn): CLIPAttention(
            (k_proj): Linear(in_features=512, out_features=512, bias=True)
            (v_proj): Linear(in_features=512, out_features=512, bias=True)
            (q_proj): Linear(in_features=512, out_features=512, bias=True)
            (out_proj): Linear(in_features=512, out_features=512, bias=True)
          )
          (layer_norm1): LayerNorm((512,), eps=1e-05, elementwise_affine=True)
          (mlp): CLIPMLP(
            (activation_fn): QuickGELUActivation()
            (fc1): Linear(in_features=512, out_features=2048, bias=True)
            (fc2): Linear(in_features=2048, out_features=512, bias=True)
          )
          (layer_norm2): LayerNorm((512,), eps=1e-05, elementwise_affine=True)
        )
        (1): CLIPEncoderLayer(
          (self_attn): CLIPAttention(
            (k_proj): Linear(in_features=512, out_features=512, bias=True)
            (v_proj): Linear(in_features=512, out_features=512, bias=True)
            (q_proj): Linear(in_features=512, out_features=512, bias=True)
            (out_proj): Linear(in_features=512, out_features=512, bias=True)
          )
          (layer_norm1): LayerNorm((512,), eps=1e-05, elementwise_affine=True)
          (mlp): CLIPMLP(
            (activation_fn): QuickGELUActivation()
            (fc1): Linear(in_features=512, out_features=2048, bias=True)
            (fc2): Linear(in_features=2048, out_features=512, bias=True)
          )
          (layer_norm2): LayerNorm((512,), eps=1e-05, elementwise_affine=True)
        )
        (2): CLIPEncoderLayer(
          (self_attn): CLIPAttention(
            (k_proj): Linear(in_features=512, out_features=512, bias=True)
            (v_proj): Linear(in_features=512, out_features=512, bias=True)
            (q_proj): Linear(in_features=512, out_features=512, bias=True)
            (out_proj): Linear(in_features=512, out_features=512, bias=True)
          )
          (layer_norm1): LayerNorm((512,), eps=1e-05, elementwise_affine=True)
          (mlp): CLIPMLP(
            (activation_fn): QuickGELUActivation()
            (fc1): Linear(in_features=512, out_features=2048, bias=True)
            (fc2): Linear(in_features=2048, out_features=512, bias=True)
          )
          (layer_norm2): LayerNorm((512,), eps=1e-05, elementwise_affine=True)
        )
        (3): CLIPEncoderLayer(
          (self_attn): CLIPAttention(
            (k_proj): Linear(in_features=512, out_features=512, bias=True)
            (v_proj): Linear(in_features=512, out_features=512, bias=True)
            (q_proj): Linear(in_features=512, out_features=512, bias=True)
            (out_proj): Linear(in_features=512, out_features=512, bias=True)
          )
          (layer_norm1): LayerNorm((512,), eps=1e-05, elementwise_affine=True)
          (mlp): CLIPMLP(
            (activation_fn): QuickGELUActivation()
            (fc1): Linear(in_features=512, out_features=2048, bias=True)
            (fc2): Linear(in_features=2048, out_features=512, bias=True)
          )
          (layer_norm2): LayerNorm((512,), eps=1e-05, elementwise_affine=True)
        )
        (4): CLIPEncoderLayer(
          (self_attn): CLIPAttention(
            (k_proj): Linear(in_features=512, out_features=512, bias=True)
            (v_proj): Linear(in_features=512, out_features=512, bias=True)
            (q_proj): Linear(in_features=512, out_features=512, bias=True)
            (out_proj): Linear(in_features=512, out_features=512, bias=True)
          )
          (layer_norm1): LayerNorm((512,), eps=1e-05, elementwise_affine=True)
          (mlp): CLIPMLP(
            (activation_fn): QuickGELUActivation()
            (fc1): Linear(in_features=512, out_features=2048, bias=True)
            (fc2): Linear(in_features=2048, out_features=512, bias=True)
          )
          (layer_norm2): LayerNorm((512,), eps=1e-05, elementwise_affine=True)
        )
        (5): CLIPEncoderLayer(
          (self_attn): CLIPAttention(
            (k_proj): Linear(in_features=512, out_features=512, bias=True)
            (v_proj): Linear(in_features=512, out_features=512, bias=True)
            (q_proj): Linear(in_features=512, out_features=512, bias=True)
            (out_proj): Linear(in_features=512, out_features=512, bias=True)
          )
          (layer_norm1): LayerNorm((512,), eps=1e-05, elementwise_affine=True)
          (mlp): CLIPMLP(
            (activation_fn): QuickGELUActivation()
            (fc1): Linear(in_features=512, out_features=2048, bias=True)
            (fc2): Linear(in_features=2048, out_features=512, bias=True)
          )
          (layer_norm2): LayerNorm((512,), eps=1e-05, elementwise_affine=True)
        )
        (6): CLIPEncoderLayer(
          (self_attn): CLIPAttention(
            (k_proj): Linear(in_features=512, out_features=512, bias=True)
            (v_proj): Linear(in_features=512, out_features=512, bias=True)
            (q_proj): Linear(in_features=512, out_features=512, bias=True)
            (out_proj): Linear(in_features=512, out_features=512, bias=True)
          )
          (layer_norm1): LayerNorm((512,), eps=1e-05, elementwise_affine=True)
          (mlp): CLIPMLP(
            (activation_fn): QuickGELUActivation()
            (fc1): Linear(in_features=512, out_features=2048, bias=True)
            (fc2): Linear(in_features=2048, out_features=512, bias=True)
          )
          (layer_norm2): LayerNorm((512,), eps=1e-05, elementwise_affine=True)
        )
        (7): CLIPEncoderLayer(
          (self_attn): CLIPAttention(
            (k_proj): Linear(in_features=512, out_features=512, bias=True)
            (v_proj): Linear(in_features=512, out_features=512, bias=True)
            (q_proj): Linear(in_features=512, out_features=512, bias=True)
            (out_proj): Linear(in_features=512, out_features=512, bias=True)
          )
          (layer_norm1): LayerNorm((512,), eps=1e-05, elementwise_affine=True)
          (mlp): CLIPMLP(
            (activation_fn): QuickGELUActivation()
            (fc1): Linear(in_features=512, out_features=2048, bias=True)
            (fc2): Linear(in_features=2048, out_features=512, bias=True)
          )
          (layer_norm2): LayerNorm((512,), eps=1e-05, elementwise_affine=True)
        )
        (8): CLIPEncoderLayer(
          (self_attn): CLIPAttention(
            (k_proj): Linear(in_features=512, out_features=512, bias=True)
            (v_proj): Linear(in_features=512, out_features=512, bias=True)
            (q_proj): Linear(in_features=512, out_features=512, bias=True)
            (out_proj): Linear(in_features=512, out_features=512, bias=True)
          )
          (layer_norm1): LayerNorm((512,), eps=1e-05, elementwise_affine=True)
          (mlp): CLIPMLP(
            (activation_fn): QuickGELUActivation()
            (fc1): Linear(in_features=512, out_features=2048, bias=True)
            (fc2): Linear(in_features=2048, out_features=512, bias=True)
          )
          (layer_norm2): LayerNorm((512,), eps=1e-05, elementwise_affine=True)
        )
        (9): CLIPEncoderLayer(
          (self_attn): CLIPAttention(
            (k_proj): Linear(in_features=512, out_features=512, bias=True)
            (v_proj): Linear(in_features=512, out_features=512, bias=True)
            (q_proj): Linear(in_features=512, out_features=512, bias=True)
            (out_proj): Linear(in_features=512, out_features=512, bias=True)
          )
          (layer_norm1): LayerNorm((512,), eps=1e-05, elementwise_affine=True)
          (mlp): CLIPMLP(
            (activation_fn): QuickGELUActivation()
            (fc1): Linear(in_features=512, out_features=2048, bias=True)
            (fc2): Linear(in_features=2048, out_features=512, bias=True)
          )
          (layer_norm2): LayerNorm((512,), eps=1e-05, elementwise_affine=True)
        )
        (10): CLIPEncoderLayer(
          (self_attn): CLIPAttention(
            (k_proj): Linear(in_features=512, out_features=512, bias=True)
            (v_proj): Linear(in_features=512, out_features=512, bias=True)
            (q_proj): Linear(in_features=512, out_features=512, bias=True)
            (out_proj): Linear(in_features=512, out_features=512, bias=True)
          )
          (layer_norm1): LayerNorm((512,), eps=1e-05, elementwise_affine=True)
          (mlp): CLIPMLP(
            (activation_fn): QuickGELUActivation()
            (fc1): Linear(in_features=512, out_features=2048, bias=True)
            (fc2): Linear(in_features=2048, out_features=512, bias=True)
          )
          (layer_norm2): LayerNorm((512,), eps=1e-05, elementwise_affine=True)
        )
        (11): CLIPEncoderLayer(
          (self_attn): CLIPAttention(
            (k_proj): Linear(in_features=512, out_features=512, bias=True)
            (v_proj): Linear(in_features=512, out_features=512, bias=True)
            (q_proj): Linear(in_features=512, out_features=512, bias=True)
            (out_proj): Linear(in_features=512, out_features=512, bias=True)
          )
          (layer_norm1): LayerNorm((512,), eps=1e-05, elementwise_affine=True)
          (mlp): CLIPMLP(
            (activation_fn): QuickGELUActivation()
            (fc1): Linear(in_features=512, out_features=2048, bias=True)
            (fc2): Linear(in_features=2048, out_features=512, bias=True)
          )
          (layer_norm2): LayerNorm((512,), eps=1e-05, elementwise_affine=True)
        )
      )
    )
    (final_layer_norm): LayerNorm((512,), eps=1e-05, elementwise_affine=True)
  )
  (vision_model): CLIPVisionTransformer(
    (embeddings): CLIPVisionEmbeddings(
      (patch_embedding): Conv2d(3, 768, kernel_size=(32, 32), stride=(32, 32), bias=False)
      (position_embedding): Embedding(50, 768)
    )
    (pre_layrnorm): LayerNorm((768,), eps=1e-05, elementwise_affine=True)
    (encoder): CLIPEncoder(
      (layers): ModuleList(
        (0): CLIPEncoderLayer(
          (self_attn): CLIPAttention(
            (k_proj): Linear(in_features=768, out_features=768, bias=True)
            (v_proj): Linear(in_features=768, out_features=768, bias=True)
            (q_proj): Linear(in_features=768, out_features=768, bias=True)
            (out_proj): Linear(in_features=768, out_features=768, bias=True)
          )
          (layer_norm1): LayerNorm((768,), eps=1e-05, elementwise_affine=True)
          (mlp): CLIPMLP(
            (activation_fn): QuickGELUActivation()
            (fc1): Linear(in_features=768, out_features=3072, bias=True)
            (fc2): Linear(in_features=3072, out_features=768, bias=True)
          )
          (layer_norm2): LayerNorm((768,), eps=1e-05, elementwise_affine=True)
        )
        (1): CLIPEncoderLayer(
          (self_attn): CLIPAttention(
            (k_proj): Linear(in_features=768, out_features=768, bias=True)
            (v_proj): Linear(in_features=768, out_features=768, bias=True)
            (q_proj): Linear(in_features=768, out_features=768, bias=True)
            (out_proj): Linear(in_features=768, out_features=768, bias=True)
          )
          (layer_norm1): LayerNorm((768,), eps=1e-05, elementwise_affine=True)
          (mlp): CLIPMLP(
            (activation_fn): QuickGELUActivation()
            (fc1): Linear(in_features=768, out_features=3072, bias=True)
            (fc2): Linear(in_features=3072, out_features=768, bias=True)
          )
          (layer_norm2): LayerNorm((768,), eps=1e-05, elementwise_affine=True)
        )
        (2): CLIPEncoderLayer(
          (self_attn): CLIPAttention(
            (k_proj): Linear(in_features=768, out_features=768, bias=True)
            (v_proj): Linear(in_features=768, out_features=768, bias=True)
            (q_proj): Linear(in_features=768, out_features=768, bias=True)
            (out_proj): Linear(in_features=768, out_features=768, bias=True)
          )
          (layer_norm1): LayerNorm((768,), eps=1e-05, elementwise_affine=True)
          (mlp): CLIPMLP(
            (activation_fn): QuickGELUActivation()
            (fc1): Linear(in_features=768, out_features=3072, bias=True)
            (fc2): Linear(in_features=3072, out_features=768, bias=True)
          )
          (layer_norm2): LayerNorm((768,), eps=1e-05, elementwise_affine=True)
        )
        (3): CLIPEncoderLayer(
          (self_attn): CLIPAttention(
            (k_proj): Linear(in_features=768, out_features=768, bias=True)
            (v_proj): Linear(in_features=768, out_features=768, bias=True)
            (q_proj): Linear(in_features=768, out_features=768, bias=True)
            (out_proj): Linear(in_features=768, out_features=768, bias=True)
          )
          (layer_norm1): LayerNorm((768,), eps=1e-05, elementwise_affine=True)
          (mlp): CLIPMLP(
            (activation_fn): QuickGELUActivation()
            (fc1): Linear(in_features=768, out_features=3072, bias=True)
            (fc2): Linear(in_features=3072, out_features=768, bias=True)
          )
          (layer_norm2): LayerNorm((768,), eps=1e-05, elementwise_affine=True)
        )
        (4): CLIPEncoderLayer(
          (self_attn): CLIPAttention(
            (k_proj): Linear(in_features=768, out_features=768, bias=True)
            (v_proj): Linear(in_features=768, out_features=768, bias=True)
            (q_proj): Linear(in_features=768, out_features=768, bias=True)
            (out_proj): Linear(in_features=768, out_features=768, bias=True)
          )
          (layer_norm1): LayerNorm((768,), eps=1e-05, elementwise_affine=True)
          (mlp): CLIPMLP(
            (activation_fn): QuickGELUActivation()
            (fc1): Linear(in_features=768, out_features=3072, bias=True)
            (fc2): Linear(in_features=3072, out_features=768, bias=True)
          )
          (layer_norm2): LayerNorm((768,), eps=1e-05, elementwise_affine=True)
        )
        (5): CLIPEncoderLayer(
          (self_attn): CLIPAttention(
            (k_proj): Linear(in_features=768, out_features=768, bias=True)
            (v_proj): Linear(in_features=768, out_features=768, bias=True)
            (q_proj): Linear(in_features=768, out_features=768, bias=True)
            (out_proj): Linear(in_features=768, out_features=768, bias=True)
          )
          (layer_norm1): LayerNorm((768,), eps=1e-05, elementwise_affine=True)
          (mlp): CLIPMLP(
            (activation_fn): QuickGELUActivation()
            (fc1): Linear(in_features=768, out_features=3072, bias=True)
            (fc2): Linear(in_features=3072, out_features=768, bias=True)
          )
          (layer_norm2): LayerNorm((768,), eps=1e-05, elementwise_affine=True)
        )
        (6): CLIPEncoderLayer(
          (self_attn): CLIPAttention(
            (k_proj): Linear(in_features=768, out_features=768, bias=True)
            (v_proj): Linear(in_features=768, out_features=768, bias=True)
            (q_proj): Linear(in_features=768, out_features=768, bias=True)
            (out_proj): Linear(in_features=768, out_features=768, bias=True)
          )
          (layer_norm1): LayerNorm((768,), eps=1e-05, elementwise_affine=True)
          (mlp): CLIPMLP(
            (activation_fn): QuickGELUActivation()
            (fc1): Linear(in_features=768, out_features=3072, bias=True)
            (fc2): Linear(in_features=3072, out_features=768, bias=True)
          )
          (layer_norm2): LayerNorm((768,), eps=1e-05, elementwise_affine=True)
        )
        (7): CLIPEncoderLayer(
          (self_attn): CLIPAttention(
            (k_proj): Linear(in_features=768, out_features=768, bias=True)
            (v_proj): Linear(in_features=768, out_features=768, bias=True)
            (q_proj): Linear(in_features=768, out_features=768, bias=True)
            (out_proj): Linear(in_features=768, out_features=768, bias=True)
          )
          (layer_norm1): LayerNorm((768,), eps=1e-05, elementwise_affine=True)
          (mlp): CLIPMLP(
            (activation_fn): QuickGELUActivation()
            (fc1): Linear(in_features=768, out_features=3072, bias=True)
            (fc2): Linear(in_features=3072, out_features=768, bias=True)
          )
          (layer_norm2): LayerNorm((768,), eps=1e-05, elementwise_affine=True)
        )
        (8): CLIPEncoderLayer(
          (self_attn): CLIPAttention(
            (k_proj): Linear(in_features=768, out_features=768, bias=True)
            (v_proj): Linear(in_features=768, out_features=768, bias=True)
            (q_proj): Linear(in_features=768, out_features=768, bias=True)
            (out_proj): Linear(in_features=768, out_features=768, bias=True)
          )
          (layer_norm1): LayerNorm((768,), eps=1e-05, elementwise_affine=True)
          (mlp): CLIPMLP(
            (activation_fn): QuickGELUActivation()
            (fc1): Linear(in_features=768, out_features=3072, bias=True)
            (fc2): Linear(in_features=3072, out_features=768, bias=True)
          )
          (layer_norm2): LayerNorm((768,), eps=1e-05, elementwise_affine=True)
        )
        (9): CLIPEncoderLayer(
          (self_attn): CLIPAttention(
            (k_proj): Linear(in_features=768, out_features=768, bias=True)
            (v_proj): Linear(in_features=768, out_features=768, bias=True)
            (q_proj): Linear(in_features=768, out_features=768, bias=True)
            (out_proj): Linear(in_features=768, out_features=768, bias=True)
          )
          (layer_norm1): LayerNorm((768,), eps=1e-05, elementwise_affine=True)
          (mlp): CLIPMLP(
            (activation_fn): QuickGELUActivation()
            (fc1): Linear(in_features=768, out_features=3072, bias=True)
            (fc2): Linear(in_features=3072, out_features=768, bias=True)
          )
          (layer_norm2): LayerNorm((768,), eps=1e-05, elementwise_affine=True)
        )
        (10): CLIPEncoderLayer(
          (self_attn): CLIPAttention(
            (k_proj): Linear(in_features=768, out_features=768, bias=True)
            (v_proj): Linear(in_features=768, out_features=768, bias=True)
            (q_proj): Linear(in_features=768, out_features=768, bias=True)
            (out_proj): Linear(in_features=768, out_features=768, bias=True)
          )
          (layer_norm1): LayerNorm((768,), eps=1e-05, elementwise_affine=True)
          (mlp): CLIPMLP(
            (activation_fn): QuickGELUActivation()
            (fc1): Linear(in_features=768, out_features=3072, bias=True)
            (fc2): Linear(in_features=3072, out_features=768, bias=True)
          )
          (layer_norm2): LayerNorm((768,), eps=1e-05, elementwise_affine=True)
        )
        (11): CLIPEncoderLayer(
          (self_attn): CLIPAttention(
            (k_proj): Linear(in_features=768, out_features=768, bias=True)
            (v_proj): Linear(in_features=768, out_features=768, bias=True)
            (q_proj): Linear(in_features=768, out_features=768, bias=True)
            (out_proj): Linear(in_features=768, out_features=768, bias=True)
          )
          (layer_norm1): LayerNorm((768,), eps=1e-05, elementwise_affine=True)
          (mlp): CLIPMLP(
            (activation_fn): QuickGELUActivation()
            (fc1): Linear(in_features=768, out_features=3072, bias=True)
            (fc2): Linear(in_features=3072, out_features=768, bias=True)
          )
          (layer_norm2): LayerNorm((768,), eps=1e-05, elementwise_affine=True)
        )
      )
    )
    (post_layernorm): LayerNorm((768,), eps=1e-05, elementwise_affine=True)
  )
  (visual_projection): Linear(in_features=768, out_features=512, bias=False)
  (text_projection): Linear(in_features=512, out_features=512, bias=False)
) is not the path to a directory containing a {configuration_file} file.
Checkout your internet connection or see how to run the library in offline mode at 'https://huggingface.co/docs/transformers/installation#offline-mode'.
